<?xml version="1.0" encoding="UTF-8"?>
<rss version="2.0">
    <channel>
        <title><![CDATA[Feed 1 RSS]]></title>
        <link><![CDATA[http://localhost/feedBaseUrl/feed1.rss]]></link>
        <description><![CDATA[This is feed 1 as RSS from the unit tests]]></description>
        <language>en-US</language>
        <pubDate>2016-01-01T00:00:00+01:00</pubDate>

                    <item>
                <title><![CDATA[feedItemTitle]]></title>
                <link>https://localhost/news/testItem1</link>
                <description><![CDATA[feedItemSummary]]></description>
                <author><![CDATA[feedItemAuthor]]></author>
                <guid>http://localhost/1</guid>
                <pubDate>2016-01-01T00:00:00+01:00</pubDate>
                                    <category>feedItemCategory</category>
                            </item>
                    <item>
                <title><![CDATA[feedItemTitle]]></title>
                <link>https://localhost/news/testItem1</link>
                <description><![CDATA[feedItemSummary]]></description>
                <author><![CDATA[feedItemAuthor]]></author>
                <guid>http://localhost/1</guid>
                <pubDate>2016-01-01T00:00:00+01:00</pubDate>
                                    <category>feedItemCategory</category>
                            </item>
                    <item>
                <title><![CDATA[feedItemTitle]]></title>
                <link>https://localhost/news/testItem1</link>
                <description><![CDATA[feedItemSummary]]></description>
                <author><![CDATA[feedItemAuthor]]></author>
                <guid>http://localhost/1</guid>
                <pubDate>2016-01-01T00:00:00+01:00</pubDate>
                                    <category>feedItemCategory</category>
                            </item>
                    <item>
                <title><![CDATA[feedItemTitle]]></title>
                <link>https://localhost/news/testItem1</link>
                <description><![CDATA[feedItemSummary]]></description>
                <author><![CDATA[feedItemAuthor]]></author>
                <guid>http://localhost/1</guid>
                <pubDate>2016-01-01T00:00:00+01:00</pubDate>
                                    <category>feedItemCategory</category>
                            </item>
                    <item>
                <title><![CDATA[feedItemTitle]]></title>
                <link>https://localhost/news/testItem1</link>
                <description><![CDATA[feedItemSummary]]></description>
                <author><![CDATA[feedItemAuthor]]></author>
                <guid>http://localhost/1</guid>
                <pubDate>2016-01-01T00:00:00+01:00</pubDate>
                                    <category>feedItemCategory</category>
                            </item>
            </channel>
</rss>
