<?xml version="1.0" encoding="UTF-8"?>
<?xml-stylesheet href="/vendor/feed/atom.xsl" type="text/xsl"?>
<feed xmlns="http://www.w3.org/2005/Atom" xml:lang="">
                        <id>http://localhost</id>
                                <link href="http://localhost" rel="self"></link>
                                <title><![CDATA[title]]></title>
                    
                                <subtitle></subtitle>
                                                    <updated>2020-01-01T00:00:00+00:00</updated>
                        <entry>
            <title><![CDATA[Song A]]></title>
            <link rel="alternate" href="http://localhost/link A" />
            <id>http://localhost/1</id>
            <author>
                <name><![CDATA[John]]></name>
                <email><![CDATA[john@test.test]]></email>

            </author>
            <summary type="html">
                <![CDATA[summary A]]>
            </summary>
                                    <updated>2020-01-01T00:00:00+00:00</updated>
        </entry>
            <entry>
            <title><![CDATA[Song B]]></title>
            <link rel="alternate" href="http://localhost/link B" />
            <id>http://localhost/2</id>
            <author>
                <name><![CDATA[paul]]></name>
                <email><![CDATA[paul@test.test]]></email>

            </author>
            <summary type="html">
                <![CDATA[summary B]]>
            </summary>
                                    <updated>2020-01-01T00:00:00+00:00</updated>
        </entry>
    </feed>
