<?xml version="1.0" encoding="UTF-8"?>
<feed xmlns="http://www.w3.org/2005/Atom">
                        <id>http://localhost/feedBaseUrl/feed2</id>
                                <link href="http://localhost/feedBaseUrl/feed2"></link>
                                <title><![CDATA[Feed 2]]></title>
                                <description>This is feed 2 from the unit tests</description>
                                <language>en-US</language>
                                <updated>2016-01-01T00:00:00+01:00</updated>
                        <entry>
            <title><![CDATA[feedItemTitle]]></title>
            <link rel="alternate" href="https://localhost/news/testItem1" />
            <id>http://localhost/1</id>
            <author>
                <name> <![CDATA[feedItemAuthor]]></name>
            </author>
            <summary type="html">
                <![CDATA[feedItemSummary]]>
            </summary>
                          <enclosure url="http://localhost/image1.jpg" length="31300" type="image/jpeg" />
                                    <category type="html">
                <![CDATA[feedItemCategory]]>
            </category>
                        <updated>2016-01-01T00:00:00+01:00</updated>
        </entry>
            <entry>
            <title><![CDATA[feedItemTitle]]></title>
            <link rel="alternate" href="https://localhost/news/testItem1" />
            <id>http://localhost/1</id>
            <author>
                <name> <![CDATA[feedItemAuthor]]></name>
            </author>
            <summary type="html">
                <![CDATA[feedItemSummary]]>
            </summary>
                          <enclosure url="http://localhost/image1.jpg" length="31300" type="image/jpeg" />
                                    <category type="html">
                <![CDATA[feedItemCategory]]>
            </category>
                        <updated>2016-01-01T00:00:00+01:00</updated>
        </entry>
            <entry>
            <title><![CDATA[feedItemTitle]]></title>
            <link rel="alternate" href="https://localhost/news/testItem1" />
            <id>http://localhost/1</id>
            <author>
                <name> <![CDATA[feedItemAuthor]]></name>
            </author>
            <summary type="html">
                <![CDATA[feedItemSummary]]>
            </summary>
                          <enclosure url="http://localhost/image1.jpg" length="31300" type="image/jpeg" />
                                    <category type="html">
                <![CDATA[feedItemCategory]]>
            </category>
                        <updated>2016-01-01T00:00:00+01:00</updated>
        </entry>
            <entry>
            <title><![CDATA[feedItemTitle]]></title>
            <link rel="alternate" href="https://localhost/news/testItem1" />
            <id>http://localhost/1</id>
            <author>
                <name> <![CDATA[feedItemAuthor]]></name>
            </author>
            <summary type="html">
                <![CDATA[feedItemSummary]]>
            </summary>
                          <enclosure url="http://localhost/image1.jpg" length="31300" type="image/jpeg" />
                                    <category type="html">
                <![CDATA[feedItemCategory]]>
            </category>
                        <updated>2016-01-01T00:00:00+01:00</updated>
        </entry>
            <entry>
            <title><![CDATA[feedItemTitle]]></title>
            <link rel="alternate" href="https://localhost/news/testItem1" />
            <id>http://localhost/1</id>
            <author>
                <name> <![CDATA[feedItemAuthor]]></name>
            </author>
            <summary type="html">
                <![CDATA[feedItemSummary]]>
            </summary>
                          <enclosure url="http://localhost/image1.jpg" length="31300" type="image/jpeg" />
                                    <category type="html">
                <![CDATA[feedItemCategory]]>
            </category>
                        <updated>2016-01-01T00:00:00+01:00</updated>
        </entry>
    </feed>
